{"time":"2026-09-14T12:52:26.181554+08:00","level":"ERROR","msg":"worker iteration failed","error":"JetStream batch: context deadline exceeded"}
{"time":"2026-09-14T12:53:01.016477+08:00","level":"ERROR","msg":"worker iteration failed","error":"JetStream batch: context deadline exceeded"}
{"time":"2026-09-14T12:53:11.177283+08:00","level":"ERROR","msg":"worker iteration failed","error":"JetStream batch: context deadline exceeded"}
{"time":"2026-09-14T12:54:12.492971+08:00","level":"ERROR","msg":"worker iteration failed","error":"fetch unresolved_incidents: transport GET https://health.aws.amazon.com/public/currentevents: timeout: net/http: TLS handshake timeout\ntransport GET https://status.aws.amazon.com/rss/all.rss: timeout: http2: timeout awaiting response headers"}
{"time":"2026-09-14T13:01:29.813121+08:00","level":"ERROR","msg":"worker iteration failed","error":"JetStream batch: context deadline exceeded"}
{"time":"2026-09-14T13:01:34.501503+08:00","level":"ERROR","msg":"worker iteration failed","error":"JetStream batch: context deadline exceeded"}
{"time":"2026-09-14T13:01:34.752391+08:00","level":"ERROR","msg":"worker iteration failed","error":"JetStream batch: context deadline exceeded"}
{"time":"2026-09-14T13:01:35.003681+08:00","level":"ERROR","msg":"worker iteration failed","error":"JetStream batch: context deadline exceeded"}
{"time":"2026-09-14T13:01:35.527978+08:00","level":"ERROR","msg":"worker iteration failed","error":"JetStream batch: context deadline exceeded"}
{"time":"2026-09-14T13:01:35.7863+08:00","level":"ERROR","msg":"worker iteration failed","error":"JetStream batch: context deadline exceeded"}
{"time":"2026-09-14T13:03:33.250676+08:00","level":"ERROR","msg":"worker iteration failed","error":"JetStream batch: context deadline exceeded"}
{"time":"2026-09-14T13:05:28.179247+08:00","level":"ERROR","msg":"worker iteration failed","error":"JetStream batch: context deadline exceeded"}
{"time":"2026-09-14T13:05:28.427459+08:00","level":"ERROR","msg":"worker iteration failed","error":"JetStream batch: context deadline exceeded"}
{"time":"2026-09-14T13:05:34.086606+08:00","level":"ERROR","msg":"worker iteration failed","error":"JetStream batch: context deadline exceeded"}
{"time":"2026-09-14T13:05:34.337746+08:00","level":"ERROR","msg":"worker iteration failed","error":"JetStream batch: context deadline exceeded"}
{"time":"2026-09-14T13:05:34.588939+08:00","level":"ERROR","msg":"worker iteration failed","error":"JetStream batch: context deadline exceeded"}
{"time":"2026-09-14T13:05:34.840853+08:00","level":"ERROR","msg":"worker iteration failed","error":"JetStream batch: context deadline exceeded"}
{"time":"2026-09-14T13:05:53.658768+08:00","level":"ERROR","msg":"worker iteration failed","error":"JetStream batch: context deadline exceeded"}
{"time":"2026-09-14T13:05:53.90555+08:00","level":"ERROR","msg":"worker iteration failed","error":"JetStream batch: context deadline exceeded"}
{"time":"2026-09-14T13:06:22.706694+08:00","level":"ERROR","msg":"worker iteration failed","error":"JetStream batch: context deadline exceeded"}
{"time":"2026-09-14T13:06:23.252531+08:00","level":"ERROR","msg":"worker iteration failed","error":"JetStream batch: context deadline exceeded"}
{"time":"2026-09-14T13:06:23.504767+08:00","level":"ERROR","msg":"worker iteration failed","error":"JetStream batch: context deadline exceeded"}
{"time":"2026-09-14T13:06:23.756423+08:00","level":"ERROR","msg":"worker iteration failed","error":"JetStream batch: context deadline exceeded"}
{"time":"2026-09-14T13:06:24.008136+08:00","level":"ERROR","msg":"worker iteration failed","error":"JetStream batch: context deadline exceeded"}
{"time":"2026-09-14T13:06:24.259695+08:00","level":"ERROR","msg":"worker iteration failed","error":"JetStream batch: context deadline exceeded"}
{"time":"2026-09-14T13:06:24.510244+08:00","level":"ERROR","msg":"worker iteration failed","error":"JetStream batch: context deadline exceeded"}
{"time":"2026-09-14T13:06:24.760779+08:00","level":"ERROR","msg":"worker iteration failed","error":"JetStream batch: context deadline exceeded"}
{"time":"2026-09-14T13:06:25.017267+08:00","level":"ERROR","msg":"worker iteration failed","error":"JetStream batch: context deadline exceeded"}
{"time":"2026-09-14T13:06:25.267593+08:00","level":"ERROR","msg":"worker iteration failed","error":"JetStream batch: context deadline exceeded"}
{"time":"2026-09-14T13:06:25.518825+08:00","level":"ERROR","msg":"worker iteration failed","error":"JetStream batch: context deadline exceeded"}
{"time":"2026-09-14T13:06:25.769206+08:00","level":"ERROR","msg":"worker iteration failed","error":"JetStream batch: context deadline exceeded"}
{"time":"2026-09-14T13:06:26.020428+08:00","level":"ERROR","msg":"worker iteration failed","error":"JetStream batch: context deadline exceeded"}
{"time":"2026-09-14T13:06:26.273716+08:00","level":"ERROR","msg":"worker iteration failed","error":"JetStream batch: context deadline exceeded"}
{"time":"2026-09-14T13:06:26.526865+08:00","level":"ERROR","msg":"worker iteration failed","error":"JetStream batch: context deadline exceeded"}
{"time":"2026-09-14T13:06:26.778721+08:00","level":"ERROR","msg":"worker iteration failed","error":"JetStream batch: context deadline exceeded"}
{"time":"2026-09-14T13:06:27.029015+08:00","level":"ERROR","msg":"worker iteration failed","error":"JetStream batch: context deadline exceeded"}
{"time":"2026-09-14T13:06:39.690751+08:00","level":"ERROR","msg":"worker iteration failed","error":"JetStream batch: context deadline exceeded"}
{"time":"2026-09-14T13:06:39.940393+08:00","level":"ERROR","msg":"worker iteration failed","error":"JetStream batch: context deadline exceeded"}
{"time":"2026-09-14T13:06:40.191524+08:00","level":"ERROR","msg":"worker iteration failed","error":"JetStream batch: context deadline exceeded"}
{"time":"2026-09-14T13:06:41.636+08:00","level":"ERROR","msg":"worker iteration failed","error":"JetStream batch: context deadline exceeded"}
{"time":"2026-09-14T13:07:09.509049+08:00","level":"ERROR","msg":"worker iteration failed","error":"JetStream batch: context deadline exceeded"}
{"time":"2026-09-14T13:07:36.868917+08:00","level":"ERROR","msg":"worker iteration failed","error":"JetStream batch: context deadline exceeded"}
{"time":"2026-09-14T13:08:00.637493+08:00","level":"ERROR","msg":"worker iteration failed","error":"JetStream batch: context deadline exceeded"}
{"time":"2026-09-14T13:08:00.880045+08:00","level":"ERROR","msg":"worker iteration failed","error":"JetStream batch: context deadline exceeded"}
{"time":"2026-09-14T13:08:03.997178+08:00","level":"ERROR","msg":"worker iteration failed","error":"JetStream batch: context deadline exceeded"}
{"time":"2026-09-14T13:08:11.774488+08:00","level":"ERROR","msg":"worker iteration failed","error":"JetStream batch: context deadline exceeded"}
{"time":"2026-09-14T13:08:12.263331+08:00","level":"ERROR","msg":"worker iteration failed","error":"JetStream batch: context deadline exceeded"}
{"time":"2026-09-14T13:08:12.513399+08:00","level":"ERROR","msg":"worker iteration failed","error":"JetStream batch: context deadline exceeded"}
{"time":"2026-09-14T13:08:13.235361+08:00","level":"ERROR","msg":"worker iteration failed","error":"JetStream batch: context deadline exceeded"}
{"time":"2026-09-14T13:08:13.485392+08:00","level":"ERROR","msg":"worker iteration failed","error":"JetStream batch: context deadline exceeded"}
{"time":"2026-09-14T13:08:28.02773+08:00","level":"ERROR","msg":"worker iteration failed","error":"JetStream batch: context deadline exceeded"}
{"time":"2026-09-14T13:08:42.679583+08:00","level":"ERROR","msg":"worker iteration failed","error":"JetStream batch: context deadline exceeded"}
{"time":"2026-09-14T13:13:03.373236+08:00","level":"ERROR","msg":"worker iteration failed","error":"fetch unresolved_incidents: transport GET https://health.aws.amazon.com/public/currentevents: timeout: net/http: TLS handshake timeout\ntransport GET https://status.aws.amazon.com/rss/all.rss: timeout: http2: timeout awaiting response headers"}
{"time":"2026-09-14T13:14:25.553983+08:00","level":"ERROR","msg":"worker iteration failed","error":"fetch unresolved_incidents: transport connect: timeout: dial verified address 3.174.46.26: dial tcp 3.174.46.26:443: i/o timeout"}
{"time":"2026-09-14T13:15:22.512259+08:00","level":"ERROR","msg":"worker iteration failed","error":"JetStream batch: context deadline exceeded"}
{"time":"2026-09-14T13:18:29.417179+08:00","level":"ERROR","msg":"worker iteration failed","error":"JetStream batch: context deadline exceeded"}
{"time":"2026-09-14T13:18:45.225963+08:00","level":"ERROR","msg":"worker iteration failed","error":"JetStream batch: context deadline exceeded"}
{"time":"2026-09-14T13:18:54.976933+08:00","level":"ERROR","msg":"worker iteration failed","error":"JetStream batch: context deadline exceeded"}
{"time":"2026-09-14T13:19:22.451319+08:00","level":"ERROR","msg":"worker iteration failed","error":"JetStream batch: context deadline exceeded"}
{"time":"2026-09-14T13:19:56.317069+08:00","level":"ERROR","msg":"worker iteration failed","error":"JetStream batch: context deadline exceeded"}
{"time":"2026-09-14T13:19:57.040892+08:00","level":"ERROR","msg":"worker iteration failed","error":"JetStream batch: context deadline exceeded"}
{"time":"2026-09-14T13:19:57.292345+08:00","level":"ERROR","msg":"worker iteration failed","error":"JetStream batch: context deadline exceeded"}
{"time":"2026-09-14T13:20:06.131093+08:00","level":"ERROR","msg":"worker iteration failed","error":"JetStream batch: context deadline exceeded"}
{"time":"2026-09-14T13:20:07.322385+08:00","level":"ERROR","msg":"worker iteration failed","error":"JetStream batch: context deadline exceeded"}
{"time":"2026-09-14T13:20:07.572716+08:00","level":"ERROR","msg":"worker iteration failed","error":"JetStream batch: context deadline exceeded"}
{"time":"2026-09-14T13:21:30.029473+08:00","level":"ERROR","msg":"worker iteration failed","error":"JetStream batch: context deadline exceeded"}
{"time":"2026-09-14T13:21:30.279294+08:00","level":"ERROR","msg":"worker iteration failed","error":"JetStream batch: context deadline exceeded"}
{"time":"2026-09-14T13:21:34.260268+08:00","level":"ERROR","msg":"worker iteration failed","error":"JetStream batch: context deadline exceeded"}
{"time":"2026-09-14T13:21:34.510591+08:00","level":"ERROR","msg":"worker iteration failed","error":"JetStream batch: context deadline exceeded"}
{"time":"2026-09-14T13:22:07.810562+08:00","level":"ERROR","msg":"worker iteration failed","error":"fetch unresolved_incidents: transport GET https://health.aws.amazon.com/public/currentevents: timeout: net/http: timeout awaiting response headers\ntransport GET https://status.aws.amazon.com/rss/all.rss: timeout: http2: timeout awaiting response headers"}
{"time":"2026-09-14T13:22:27.892236+08:00","level":"ERROR","msg":"worker iteration failed","error":"JetStream batch: context deadline exceeded"}
{"time":"2026-09-14T13:23:10.303975+08:00","level":"ERROR","msg":"worker iteration failed","error":"fetch unresolved_incidents: transport GET https://health.aws.amazon.com/public/currentevents: timeout: net/http: TLS handshake timeout\ntransport GET https://status.aws.amazon.com/rss/all.rss: timeout: http2: timeout awaiting response headers"}
{"time":"2026-09-14T13:24:16.762458+08:00","level":"ERROR","msg":"worker iteration failed","error":"JetStream batch: context deadline exceeded"}
{"time":"2026-09-14T13:24:39.783565+08:00","level":"ERROR","msg":"worker iteration failed","error":"JetStream batch: context deadline exceeded"}
{"time":"2026-09-14T13:24:45.194253+08:00","level":"ERROR","msg":"worker iteration failed","error":"JetStream batch: context deadline exceeded"}
{"time":"2026-09-14T13:25:54.448197+08:00","level":"ERROR","msg":"worker iteration failed","error":"JetStream batch: context deadline exceeded"}
{"time":"2026-09-14T13:26:14.228202+08:00","level":"ERROR","msg":"worker iteration failed","error":"JetStream batch: context deadline exceeded"}
{"time":"2026-09-14T13:27:55.498217+08:00","level":"ERROR","msg":"worker iteration failed","error":"JetStream batch: context deadline exceeded"}
{"time":"2026-09-14T13:29:25.7749+08:00","level":"ERROR","msg":"worker iteration failed","error":"JetStream batch: context deadline exceeded"}
{"time":"2026-09-14T13:29:26.025599+08:00","level":"ERROR","msg":"worker iteration failed","error":"JetStream batch: context deadline exceeded"}
{"time":"2026-09-14T13:30:24.455117+08:00","level":"ERROR","msg":"worker iteration failed","error":"JetStream batch: context deadline exceeded"}
{"time":"2026-09-14T13:30:24.703199+08:00","level":"ERROR","msg":"worker iteration failed","error":"JetStream batch: context deadline exceeded"}
{"time":"2026-09-14T13:30:35.001735+08:00","level":"ERROR","msg":"worker iteration failed","error":"JetStream batch: context deadline exceeded"}
{"time":"2026-09-14T13:31:01.473286+08:00","level":"ERROR","msg":"worker iteration failed","error":"JetStream batch: context deadline exceeded"}
{"time":"2026-09-14T13:31:23.104362+08:00","level":"ERROR","msg":"worker iteration failed","error":"JetStream batch: context deadline exceeded"}
{"time":"2026-09-14T13:31:46.83698+08:00","level":"ERROR","msg":"worker iteration failed","error":"fetch unresolved_incidents: transport GET https://health.aws.amazon.com/public/currentevents: timeout: net/http: TLS handshake timeout\ntransport GET https://status.aws.amazon.com/rss/all.rss: timeout: net/http: TLS handshake timeout"}
{"time":"2026-09-14T13:31:50.878067+08:00","level":"ERROR","msg":"worker iteration failed","error":"JetStream batch: context deadline exceeded"}
{"time":"2026-09-14T13:32:18.499767+08:00","level":"ERROR","msg":"worker iteration failed","error":"JetStream batch: context deadline exceeded"}
{"time":"2026-09-14T13:32:39.867499+08:00","level":"ERROR","msg":"worker iteration failed","error":"JetStream batch: context deadline exceeded"}
{"time":"2026-09-14T13:32:40.11782+08:00","level":"ERROR","msg":"worker iteration failed","error":"JetStream batch: context deadline exceeded"}
{"time":"2026-09-14T13:33:29.207844+08:00","level":"ERROR","msg":"worker iteration failed","error":"JetStream batch: context deadline exceeded"}
{"time":"2026-09-14T13:34:01.326697+08:00","level":"ERROR","msg":"worker iteration failed","error":"fetch unresolved_incidents: transport GET https://health.aws.amazon.com/public/currentevents: timeout: net/http: TLS handshake timeout\ntransport GET https://status.aws.amazon.com/rss/all.rss: timeout: http2: timeout awaiting response headers"}
{"time":"2026-09-14T13:36:31.716321+08:00","level":"ERROR","msg":"worker iteration failed","error":"JetStream batch: context deadline exceeded"}
{"time":"2026-09-14T13:36:35.533467+08:00","level":"ERROR","msg":"worker iteration failed","error":"JetStream batch: context deadline exceeded"}
{"time":"2026-09-14T13:41:24.81284+08:00","level":"ERROR","msg":"worker iteration failed","error":"JetStream batch: context deadline exceeded"}
{"time":"2026-09-14T13:41:25.048256+08:00","level":"ERROR","msg":"worker iteration failed","error":"JetStream batch: context deadline exceeded"}
{"time":"2026-09-14T13:41:25.303654+08:00","level":"ERROR","msg":"worker iteration failed","error":"JetStream batch: context deadline exceeded"}
{"time":"2026-09-14T13:41:25.553748+08:00","level":"ERROR","msg":"worker iteration failed","error":"JetStream batch: context deadline exceeded"}
{"time":"2026-09-14T13:41:29.769411+08:00","level":"ERROR","msg":"worker iteration failed","error":"JetStream batch: context deadline exceeded"}
{"time":"2026-09-14T13:47:30.133524+08:00","level":"ERROR","msg":"worker iteration failed","error":"JetStream batch: context deadline exceeded"}
{"time":"2026-09-14T13:47:30.369495+08:00","level":"ERROR","msg":"worker iteration failed","error":"JetStream batch: context deadline exceeded"}
{"time":"2026-09-14T13:47:31.567246+08:00","level":"ERROR","msg":"worker iteration failed","error":"JetStream batch: context deadline exceeded"}
{"time":"2026-09-14T13:47:31.833598+08:00","level":"ERROR","msg":"worker iteration failed","error":"JetStream batch: context deadline exceeded"}
{"time":"2026-09-14T13:47:32.104395+08:00","level":"ERROR","msg":"worker iteration failed","error":"JetStream batch: context deadline exceeded"}
{"time":"2026-09-14T13:47:32.357095+08:00","level":"ERROR","msg":"worker iteration failed","error":"JetStream batch: context deadline exceeded"}
{"time":"2026-09-14T13:47:32.632663+08:00","level":"ERROR","msg":"worker iteration failed","error":"JetStream batch: context deadline exceeded"}
{"time":"2026-09-14T13:47:32.895553+08:00","level":"ERROR","msg":"worker iteration failed","error":"JetStream batch: context deadline exceeded"}
{"time":"2026-09-14T13:47:33.149038+08:00","level":"ERROR","msg":"worker iteration failed","error":"JetStream batch: context deadline exceeded"}
{"time":"2026-09-14T13:47:33.403195+08:00","level":"ERROR","msg":"worker iteration failed","error":"JetStream batch: context deadline exceeded"}
{"time":"2026-09-14T13:47:33.654053+08:00","level":"ERROR","msg":"worker iteration failed","error":"JetStream batch: context deadline exceeded"}
{"time":"2026-09-14T13:47:33.905224+08:00","level":"ERROR","msg":"worker iteration failed","error":"JetStream batch: context deadline exceeded"}
{"time":"2026-09-14T13:47:35.535366+08:00","level":"ERROR","msg":"worker iteration failed","error":"fetch unresolved_incidents: transport GET https://health.aws.amazon.com/public/currentevents: timeout: net/http: TLS handshake timeout\ntransport GET https://status.aws.amazon.com/rss/all.rss: timeout: net/http: TLS handshake timeout"}
{"time":"2026-09-14T13:48:16.295726+08:00","level":"ERROR","msg":"worker iteration failed","error":"JetStream batch: context deadline exceeded"}
{"time":"2026-09-14T13:48:16.546269+08:00","level":"ERROR","msg":"worker iteration failed","error":"JetStream batch: context deadline exceeded"}
{"time":"2026-09-14T13:48:28.937073+08:00","level":"ERROR","msg":"worker iteration failed","error":"JetStream batch: context deadline exceeded"}
{"time":"2026-09-14T13:48:54.236835+08:00","level":"ERROR","msg":"worker iteration failed","error":"JetStream batch: context deadline exceeded"}
{"time":"2026-09-14T13:49:38.163392+08:00","level":"ERROR","msg":"worker iteration failed","error":"JetStream batch: context deadline exceeded"}
{"time":"2026-09-14T13:49:38.413905+08:00","level":"ERROR","msg":"worker iteration failed","error":"JetStream batch: context deadline exceeded"}
{"time":"2026-09-14T13:50:25.675889+08:00","level":"ERROR","msg":"worker iteration failed","error":"JetStream batch: context deadline exceeded"}
{"time":"2026-09-14T13:50:48.057213+08:00","level":"ERROR","msg":"worker iteration failed","error":"JetStream batch: context deadline exceeded"}
{"time":"2026-09-14T13:51:37.678804+08:00","level":"ERROR","msg":"worker iteration failed","error":"JetStream batch: context deadline exceeded"}
{"time":"2026-09-14T13:51:37.928948+08:00","level":"ERROR","msg":"worker iteration failed","error":"JetStream batch: context deadline exceeded"}
{"time":"2026-09-14T13:51:49.186746+08:00","level":"ERROR","msg":"worker iteration failed","error":"JetStream batch: context deadline exceeded"}
{"time":"2026-09-14T13:52:06.661976+08:00","level":"ERROR","msg":"worker iteration failed","error":"JetStream batch: context deadline exceeded"}
{"time":"2026-09-14T13:53:03.826876+08:00","level":"ERROR","msg":"worker iteration failed","error":"JetStream batch: context deadline exceeded"}
{"time":"2026-09-14T13:55:10.48652+08:00","level":"ERROR","msg":"worker iteration failed","error":"fetch unresolved_incidents: transport GET https://health.aws.amazon.com/public/currentevents: timeout: net/http: TLS handshake timeout\ntransport GET https://status.aws.amazon.com/rss/all.rss: timeout: http2: timeout awaiting response headers"}
{"time":"2026-09-14T13:55:58.322823+08:00","level":"ERROR","msg":"worker iteration failed","error":"JetStream batch: context deadline exceeded"}
{"time":"2026-09-14T13:55:59.522578+08:00","level":"ERROR","msg":"worker iteration failed","error":"JetStream batch: context deadline exceeded"}
{"time":"2026-09-14T13:55:59.775042+08:00","level":"ERROR","msg":"worker iteration failed","error":"JetStream batch: context deadline exceeded"}
{"time":"2026-09-14T13:56:00.025191+08:00","level":"ERROR","msg":"worker iteration failed","error":"JetStream batch: context deadline exceeded"}
{"time":"2026-09-14T13:56:00.275757+08:00","level":"ERROR","msg":"worker iteration failed","error":"JetStream batch: context deadline exceeded"}
{"time":"2026-09-14T13:56:00.800144+08:00","level":"ERROR","msg":"worker iteration failed","error":"JetStream batch: context deadline exceeded"}
{"time":"2026-09-14T13:56:13.496837+08:00","level":"ERROR","msg":"worker iteration failed","error":"fetch unresolved_incidents: transport GET https://health.aws.amazon.com/public/currentevents: timeout: net/http: TLS handshake timeout\ntransport GET https://status.aws.amazon.com/rss/all.rss: timeout: read tcp 192.168.1.119:63407->13.230.245.85:443: read: operation timed out"}
{"time":"2026-09-14T13:56:43.071101+08:00","level":"ERROR","msg":"worker iteration failed","error":"JetStream batch: context deadline exceeded"}
{"time":"2026-09-14T13:57:08.112354+08:00","level":"ERROR","msg":"worker iteration failed","error":"JetStream batch: context deadline exceeded"}
{"time":"2026-09-14T13:57:10.241576+08:00","level":"ERROR","msg":"worker iteration failed","error":"JetStream batch: context deadline exceeded"}
{"time":"2026-09-14T13:57:10.501424+08:00","level":"ERROR","msg":"worker iteration failed","error":"JetStream batch: context deadline exceeded"}
{"time":"2026-09-14T13:57:11.485486+08:00","level":"ERROR","msg":"worker iteration failed","error":"JetStream batch: context deadline exceeded"}
{"time":"2026-09-14T13:57:11.700385+08:00","level":"ERROR","msg":"worker iteration failed","error":"JetStream batch: context deadline exceeded"}
{"time":"2026-09-14T13:57:14.514704+08:00","level":"ERROR","msg":"worker iteration failed","error":"JetStream batch: context deadline exceeded"}
{"time":"2026-09-14T13:57:14.764396+08:00","level":"ERROR","msg":"worker iteration failed","error":"JetStream batch: context deadline exceeded"}
{"time":"2026-09-14T13:57:38.67181+08:00","level":"ERROR","msg":"worker iteration failed","error":"JetStream batch: context deadline exceeded"}
{"time":"2026-09-14T13:58:31.108229+08:00","level":"ERROR","msg":"worker iteration failed","error":"JetStream batch: context deadline exceeded"}
{"time":"2026-09-14T13:58:45.710305+08:00","level":"ERROR","msg":"worker iteration failed","error":"JetStream batch: context deadline exceeded"}
{"time":"2026-09-14T13:58:45.968836+08:00","level":"ERROR","msg":"worker iteration failed","error":"JetStream batch: context deadline exceeded"}
{"time":"2026-09-14T13:58:46.218596+08:00","level":"ERROR","msg":"worker iteration failed","error":"JetStream batch: context deadline exceeded"}
{"time":"2026-09-14T13:59:06.973701+08:00","level":"ERROR","msg":"worker iteration failed","error":"JetStream batch: context deadline exceeded"}
{"time":"2026-09-14T13:59:11.902813+08:00","level":"ERROR","msg":"worker iteration failed","error":"JetStream batch: context deadline exceeded"}
{"time":"2026-09-14T13:59:15.173588+08:00","level":"ERROR","msg":"worker iteration failed","error":"JetStream batch: context deadline exceeded"}
{"time":"2026-09-14T13:59:15.423818+08:00","level":"ERROR","msg":"worker iteration failed","error":"JetStream batch: context deadline exceeded"}
{"time":"2026-09-14T13:59:38.287833+08:00","level":"ERROR","msg":"worker iteration failed","error":"JetStream batch: context deadline exceeded"}
{"time":"2026-09-14T13:59:38.542768+08:00","level":"ERROR","msg":"worker iteration failed","error":"JetStream batch: context deadline exceeded"}
{"time":"2026-09-14T13:59:38.792988+08:00","level":"ERROR","msg":"worker iteration failed","error":"JetStream batch: context deadline exceeded"}
{"time":"2026-09-14T14:03:04.762828+08:00","level":"ERROR","msg":"worker iteration failed","error":"JetStream batch: context deadline exceeded"}
{"time":"2026-09-14T14:04:04.112049+08:00","level":"ERROR","msg":"worker iteration failed","error":"JetStream batch: context deadline exceeded"}
{"time":"2026-09-14T14:04:04.684269+08:00","level":"ERROR","msg":"worker iteration failed","error":"JetStream batch: context deadline exceeded"}
{"time":"2026-09-14T14:04:06.635906+08:00","level":"ERROR","msg":"worker iteration failed","error":"JetStream batch: context deadline exceeded"}
{"time":"2026-09-14T14:04:54.762388+08:00","level":"ERROR","msg":"worker iteration failed","error":"JetStream batch: context deadline exceeded"}
{"time":"2026-09-14T14:04:55.014973+08:00","level":"ERROR","msg":"worker iteration failed","error":"JetStream batch: context deadline exceeded"}
{"time":"2026-09-14T14:05:41.67113+08:00","level":"ERROR","msg":"worker iteration failed","error":"JetStream batch: context deadline exceeded"}
{"time":"2026-09-14T14:05:58.798352+08:00","level":"ERROR","msg":"worker iteration failed","error":"JetStream batch: context deadline exceeded"}
{"time":"2026-09-14T14:05:59.048575+08:00","level":"ERROR","msg":"worker iteration failed","error":"JetStream batch: context deadline exceeded"}
{"time":"2026-09-14T14:05:59.298959+08:00","level":"ERROR","msg":"worker iteration failed","error":"JetStream batch: context deadline exceeded"}
{"time":"2026-09-14T14:06:20.940359+08:00","level":"ERROR","msg":"worker iteration failed","error":"JetStream batch: context deadline exceeded"}
{"time":"2026-09-14T14:06:32.07297+08:00","level":"ERROR","msg":"worker iteration failed","error":"JetStream batch: context deadline exceeded"}
{"time":"2026-09-14T14:06:32.330067+08:00","level":"ERROR","msg":"worker iteration failed","error":"JetStream batch: context deadline exceeded"}
{"time":"2026-09-14T14:06:38.665325+08:00","level":"ERROR","msg":"worker iteration failed","error":"JetStream batch: context deadline exceeded"}
{"time":"2026-09-14T14:06:41.941976+08:00","level":"ERROR","msg":"worker iteration failed","error":"JetStream batch: context deadline exceeded"}
{"time":"2026-09-14T14:06:42.19146+08:00","level":"ERROR","msg":"worker iteration failed","error":"JetStream batch: context deadline exceeded"}
{"time":"2026-09-14T14:06:45.686915+08:00","level":"ERROR","msg":"worker iteration failed","error":"JetStream batch: context deadline exceeded"}
{"time":"2026-09-14T14:06:45.940179+08:00","level":"ERROR","msg":"worker iteration failed","error":"JetStream batch: context deadline exceeded"}
{"time":"2026-09-14T14:06:46.196608+08:00","level":"ERROR","msg":"worker iteration failed","error":"JetStream batch: context deadline exceeded"}
{"time":"2026-09-14T14:07:03.052882+08:00","level":"ERROR","msg":"worker iteration failed","error":"JetStream batch: context deadline exceeded"}
{"time":"2026-09-14T14:07:12.560648+08:00","level":"ERROR","msg":"worker iteration failed","error":"JetStream batch: context deadline exceeded"}
{"time":"2026-09-14T14:07:22.767105+08:00","level":"ERROR","msg":"worker iteration failed","error":"JetStream batch: context deadline exceeded"}
{"time":"2026-09-14T14:07:23.017133+08:00","level":"ERROR","msg":"worker iteration failed","error":"JetStream batch: context deadline exceeded"}
{"time":"2026-09-14T14:07:46.228642+08:00","level":"ERROR","msg":"worker iteration failed","error":"JetStream batch: context deadline exceeded"}
{"time":"2026-09-14T14:07:46.479546+08:00","level":"ERROR","msg":"worker iteration failed","error":"JetStream batch: context deadline exceeded"}
{"time":"2026-09-14T14:07:52.029357+08:00","level":"ERROR","msg":"worker iteration failed","error":"JetStream batch: context deadline exceeded"}
{"time":"2026-09-14T14:07:52.279317+08:00","level":"ERROR","msg":"worker iteration failed","error":"JetStream batch: context deadline exceeded"}
{"time":"2026-09-14T14:08:06.696543+08:00","level":"ERROR","msg":"worker iteration failed","error":"JetStream batch: context deadline exceeded"}
{"time":"2026-09-14T14:08:06.951571+08:00","level":"ERROR","msg":"worker iteration failed","error":"JetStream batch: context deadline exceeded"}
{"time":"2026-09-14T14:08:07.20146+08:00","level":"ERROR","msg":"worker iteration failed","error":"JetStream batch: context deadline exceeded"}
{"time":"2026-09-14T14:08:07.45264+08:00","level":"ERROR","msg":"worker iteration failed","error":"JetStream batch: context deadline exceeded"}
{"time":"2026-09-14T14:08:56.930062+08:00","level":"ERROR","msg":"worker iteration failed","error":"JetStream batch: context deadline exceeded"}
{"time":"2026-09-14T14:08:57.17971+08:00","level":"ERROR","msg":"worker iteration failed","error":"JetStream batch: context deadline exceeded"}
{"time":"2026-09-14T14:09:13.462195+08:00","level":"ERROR","msg":"worker iteration failed","error":"JetStream batch: context deadline exceeded"}
{"time":"2026-09-14T14:09:18.123249+08:00","level":"ERROR","msg":"worker iteration failed","error":"JetStream batch: context deadline exceeded"}
{"time":"2026-09-14T14:09:35.481502+08:00","level":"ERROR","msg":"worker iteration failed","error":"JetStream batch: context deadline exceeded"}
{"time":"2026-09-14T14:09:35.696488+08:00","level":"ERROR","msg":"worker iteration failed","error":"JetStream batch: context deadline exceeded"}
{"time":"2026-09-14T14:09:55.710052+08:00","level":"ERROR","msg":"worker iteration failed","error":"JetStream batch: context deadline exceeded"}
{"time":"2026-09-14T14:09:55.957286+08:00","level":"ERROR","msg":"worker iteration failed","error":"JetStream batch: context deadline exceeded"}
{"time":"2026-09-14T14:09:59.438604+08:00","level":"ERROR","msg":"worker iteration failed","error":"JetStream batch: context deadline exceeded"}
{"time":"2026-09-14T14:10:04.760097+08:00","level":"ERROR","msg":"worker iteration failed","error":"JetStream batch: context deadline exceeded"}
{"time":"2026-09-14T14:10:05.024417+08:00","level":"ERROR","msg":"worker iteration failed","error":"JetStream batch: context deadline exceeded"}
{"time":"2026-09-14T14:10:05.274754+08:00","level":"ERROR","msg":"worker iteration failed","error":"JetStream batch: context deadline exceeded"}
{"time":"2026-09-14T14:10:10.859368+08:00","level":"ERROR","msg":"worker iteration failed","error":"JetStream batch: context deadline exceeded"}
{"time":"2026-09-14T14:10:11.095177+08:00","level":"ERROR","msg":"worker iteration failed","error":"JetStream batch: context deadline exceeded"}
{"time":"2026-09-14T14:10:14.541566+08:00","level":"ERROR","msg":"worker iteration failed","error":"JetStream batch: context deadline exceeded"}
{"time":"2026-09-14T14:11:00.86005+08:00","level":"ERROR","msg":"worker iteration failed","error":"JetStream batch: context deadline exceeded"}
{"time":"2026-09-14T14:11:01.091756+08:00","level":"ERROR","msg":"worker iteration failed","error":"JetStream batch: context deadline exceeded"}
{"time":"2026-09-14T14:11:03.432481+08:00","level":"ERROR","msg":"worker iteration failed","error":"fetch unresolved_incidents: transport GET https://health.aws.amazon.com/public/currentevents: timeout: net/http: TLS handshake timeout\ntransport GET https://status.aws.amazon.com/rss/all.rss: timeout: net/http: TLS handshake timeout"}
{"time":"2026-09-14T14:12:01.603783+08:00","level":"ERROR","msg":"worker iteration failed","error":"JetStream batch: context deadline exceeded"}
{"time":"2026-09-14T14:12:01.852522+08:00","level":"ERROR","msg":"worker iteration failed","error":"JetStream batch: context deadline exceeded"}
{"time":"2026-09-14T14:12:02.107438+08:00","level":"ERROR","msg":"worker iteration failed","error":"JetStream batch: context deadline exceeded"}
{"time":"2026-09-14T14:12:02.357557+08:00","level":"ERROR","msg":"worker iteration failed","error":"JetStream batch: context deadline exceeded"}
{"time":"2026-09-14T14:12:10.263419+08:00","level":"ERROR","msg":"worker iteration failed","error":"JetStream batch: context deadline exceeded"}
{"time":"2026-09-14T14:12:11.252901+08:00","level":"ERROR","msg":"worker iteration failed","error":"JetStream batch: context deadline exceeded"}
{"time":"2026-09-14T14:12:15.773602+08:00","level":"ERROR","msg":"worker iteration failed","error":"JetStream batch: context deadline exceeded"}
{"time":"2026-09-14T14:12:19.997537+08:00","level":"ERROR","msg":"worker iteration failed","error":"JetStream batch: context deadline exceeded"}
{"time":"2026-09-14T14:12:22.118417+08:00","level":"ERROR","msg":"worker iteration failed","error":"JetStream batch: context deadline exceeded"}
{"time":"2026-09-14T14:12:22.358821+08:00","level":"ERROR","msg":"worker iteration failed","error":"JetStream batch: context deadline exceeded"}
{"time":"2026-09-14T14:12:37.401281+08:00","level":"ERROR","msg":"worker iteration failed","error":"JetStream batch: context deadline exceeded"}
{"time":"2026-09-14T14:12:38.628767+08:00","level":"ERROR","msg":"worker iteration failed","error":"JetStream batch: context deadline exceeded"}
{"time":"2026-09-14T14:12:51.154739+08:00","level":"ERROR","msg":"worker iteration failed","error":"JetStream batch: context deadline exceeded"}
{"time":"2026-09-14T14:12:57.979159+08:00","level":"ERROR","msg":"worker iteration failed","error":"JetStream batch: context deadline exceeded"}
{"time":"2026-09-14T14:12:58.233108+08:00","level":"ERROR","msg":"worker iteration failed","error":"JetStream batch: context deadline exceeded"}
{"time":"2026-09-14T14:12:58.489014+08:00","level":"ERROR","msg":"worker iteration failed","error":"JetStream batch: context deadline exceeded"}
{"time":"2026-09-14T14:13:18.569776+08:00","level":"ERROR","msg":"worker iteration failed","error":"JetStream batch: context deadline exceeded"}
{"time":"2026-09-14T14:14:39.44262+08:00","level":"ERROR","msg":"worker iteration failed","error":"JetStream batch: context deadline exceeded"}
{"time":"2026-09-14T14:15:35.045216+08:00","level":"ERROR","msg":"worker iteration failed","error":"JetStream batch: context deadline exceeded"}
{"time":"2026-09-14T14:15:35.291458+08:00","level":"ERROR","msg":"worker iteration failed","error":"JetStream batch: context deadline exceeded"}
{"time":"2026-09-14T14:15:39.757023+08:00","level":"ERROR","msg":"worker iteration failed","error":"JetStream batch: context deadline exceeded"}
{"time":"2026-09-14T14:15:40.008033+08:00","level":"ERROR","msg":"worker iteration failed","error":"JetStream batch: context deadline exceeded"}
{"time":"2026-09-14T14:16:20.560268+08:00","level":"ERROR","msg":"worker iteration failed","error":"JetStream batch: context deadline exceeded"}
{"time":"2026-09-14T14:16:40.624359+08:00","level":"ERROR","msg":"worker iteration failed","error":"JetStream batch: context deadline exceeded"}
{"time":"2026-09-14T14:17:10.606628+08:00","level":"ERROR","msg":"worker iteration failed","error":"JetStream batch: context deadline exceeded"}
{"time":"2026-09-14T14:18:17.411401+08:00","level":"ERROR","msg":"worker iteration failed","error":"JetStream batch: context deadline exceeded"}
{"time":"2026-09-14T14:21:53.891164+08:00","level":"ERROR","msg":"worker iteration failed","error":"JetStream batch: context deadline exceeded"}
{"time":"2026-09-14T14:21:54.141811+08:00","level":"ERROR","msg":"worker iteration failed","error":"JetStream batch: context deadline exceeded"}
{"time":"2026-09-14T14:22:34.61472+08:00","level":"ERROR","msg":"worker iteration failed","error":"JetStream batch: context deadline exceeded"}
{"time":"2026-09-14T14:22:35.096627+08:00","level":"ERROR","msg":"worker iteration failed","error":"JetStream batch: context deadline exceeded"}
{"time":"2026-09-14T14:22:35.363686+08:00","level":"ERROR","msg":"worker iteration failed","error":"JetStream batch: context deadline exceeded"}
{"time":"2026-09-14T14:22:57.100973+08:00","level":"ERROR","msg":"worker iteration failed","error":"JetStream batch: context deadline exceeded"}
{"time":"2026-09-14T14:22:57.351382+08:00","level":"ERROR","msg":"worker iteration failed","error":"JetStream batch: context deadline exceeded"}
{"time":"2026-09-14T14:23:07.786283+08:00","level":"ERROR","msg":"worker iteration failed","error":"JetStream batch: context deadline exceeded"}
{"time":"2026-09-14T14:23:18.428549+08:00","level":"ERROR","msg":"worker iteration failed","error":"JetStream batch: context deadline exceeded"}
{"time":"2026-09-14T14:23:18.675506+08:00","level":"ERROR","msg":"worker iteration failed","error":"JetStream batch: context deadline exceeded"}
{"time":"2026-09-14T14:23:18.926498+08:00","level":"ERROR","msg":"worker iteration failed","error":"JetStream batch: context deadline exceeded"}
{"time":"2026-09-14T14:23:27.520704+08:00","level":"ERROR","msg":"worker iteration failed","error":"JetStream batch: context deadline exceeded"}
{"time":"2026-09-14T14:23:32.78189+08:00","level":"ERROR","msg":"worker iteration failed","error":"fetch unresolved_incidents: transport GET https://health.aws.amazon.com/public/currentevents: timeout: net/http: TLS handshake timeout\ntransport GET https://status.aws.amazon.com/rss/all.rss: timeout: net/http: TLS handshake timeout"}
{"time":"2026-09-14T14:24:05.32859+08:00","level":"ERROR","msg":"worker iteration failed","error":"JetStream batch: context deadline exceeded"}
{"time":"2026-09-14T14:24:05.546824+08:00","level":"ERROR","msg":"worker iteration failed","error":"JetStream batch: context deadline exceeded"}
{"time":"2026-09-14T14:24:31.37673+08:00","level":"ERROR","msg":"worker iteration failed","error":"JetStream batch: context deadline exceeded"}
{"time":"2026-09-14T14:24:31.627954+08:00","level":"ERROR","msg":"worker iteration failed","error":"JetStream batch: context deadline exceeded"}
{"time":"2026-09-14T14:24:45.809903+08:00","level":"ERROR","msg":"worker iteration failed","error":"JetStream batch: context deadline exceeded"}
{"time":"2026-09-14T14:24:57.148141+08:00","level":"ERROR","msg":"worker iteration failed","error":"JetStream batch: context deadline exceeded"}
{"time":"2026-09-14T14:24:57.398962+08:00","level":"ERROR","msg":"worker iteration failed","error":"JetStream batch: context deadline exceeded"}
{"time":"2026-09-14T14:25:19.882478+08:00","level":"ERROR","msg":"worker iteration failed","error":"JetStream batch: context deadline exceeded"}
{"time":"2026-09-14T14:25:22.672134+08:00","level":"ERROR","msg":"worker iteration failed","error":"JetStream batch: context deadline exceeded"}
{"time":"2026-09-14T14:25:31.813096+08:00","level":"ERROR","msg":"worker iteration failed","error":"JetStream batch: context deadline exceeded"}
{"time":"2026-09-14T14:25:32.419015+08:00","level":"ERROR","msg":"worker iteration failed","error":"JetStream batch: context deadline exceeded"}
{"time":"2026-09-14T14:25:32.662434+08:00","level":"ERROR","msg":"worker iteration failed","error":"JetStream batch: context deadline exceeded"}
{"time":"2026-09-14T14:26:02.352116+08:00","level":"ERROR","msg":"worker iteration failed","error":"JetStream batch: context deadline exceeded"}
{"time":"2026-09-14T14:26:02.602436+08:00","level":"ERROR","msg":"worker iteration failed","error":"JetStream batch: context deadline exceeded"}
{"time":"2026-09-14T14:26:14.27631+08:00","level":"ERROR","msg":"worker iteration failed","error":"JetStream batch: context deadline exceeded"}
{"time":"2026-09-14T14:26:19.68022+08:00","level":"ERROR","msg":"worker iteration failed","error":"JetStream batch: context deadline exceeded"}
{"time":"2026-09-14T14:28:03.488243+08:00","level":"ERROR","msg":"worker iteration failed","error":"JetStream batch: context deadline exceeded"}
{"time":"2026-09-14T14:28:03.738336+08:00","level":"ERROR","msg":"worker iteration failed","error":"JetStream batch: context deadline exceeded"}
{"time":"2026-09-14T14:30:17.958254+08:00","level":"ERROR","msg":"worker iteration failed","error":"JetStream batch: context deadline exceeded"}
{"time":"2026-09-14T14:31:12.27705+08:00","level":"ERROR","msg":"worker iteration failed","error":"JetStream batch: context deadline exceeded"}
{"time":"2026-09-14T14:31:12.416763+08:00","level":"ERROR","msg":"worker iteration failed","error":"JetStream batch: context deadline exceeded"}
{"time":"2026-09-14T14:31:19.818176+08:00","level":"ERROR","msg":"worker iteration failed","error":"JetStream batch: context deadline exceeded"}
{"time":"2026-09-14T14:31:20.06673+08:00","level":"ERROR","msg":"worker iteration failed","error":"JetStream batch: context deadline exceeded"}
{"time":"2026-09-14T14:31:20.317177+08:00","level":"ERROR","msg":"worker iteration failed","error":"JetStream batch: context deadline exceeded"}
{"time":"2026-09-14T14:31:59.852406+08:00","level":"ERROR","msg":"worker iteration failed","error":"JetStream batch: context deadline exceeded"}
{"time":"2026-09-14T14:32:00.099972+08:00","level":"ERROR","msg":"worker iteration failed","error":"JetStream batch: context deadline exceeded"}
{"time":"2026-09-14T14:32:08.406533+08:00","level":"ERROR","msg":"worker iteration failed","error":"JetStream batch: context deadline exceeded"}
